---
source: tests/tests.rs
expression: format(&contents)
input_file: tests/inputs/string-escapes.lua

---
local foo = 'this \'string\' has \'escaped\' single quotes with "double quotes"'
local bar = "test \'foo\' \"bar\""
local already_quoted_str = '["{\\"foo\\": \\"bar\\"}"]'

